
- NASM Map file ---------------------------------------------------------------

Source file:  edlin.asm
Output file:  ./Binaries/EDLIN.COM

-- Program origin -------------------------------------------------------------

00000000

-- Sections (summary) ---------------------------------------------------------

Vstart            Start             Stop              Length    Class     Name
               0                 0              1725  00001725  progbits  .text
            1725              1725              19C9  000002A4  progbits  .data
            19C9              19C9              1FF7  0000062E  nobits    .bss
            2000              2000              2640  00000640  nobits    .stack

-- Sections (detailed) --------------------------------------------------------

---- Section .text ------------------------------------------------------------

class:     progbits
length:                1725
start:                    0
align:                    1
follows:   not defined
vstart:                   0
valign:    not defined
vfollows:  not defined

---- Section .data ------------------------------------------------------------

class:     progbits
length:                 2A4
start:                 1725
align:                    1
follows:   .text
vstart:                1725
valign:    not defined
vfollows:  not defined

---- Section .bss -------------------------------------------------------------

class:     nobits
length:                 62E
start:                 19C9
align:                    1
follows:   not defined
vstart:                19C9
valign:                   1
vfollows:  .data

---- Section .stack -----------------------------------------------------------

class:     nobits
length:                 640
start:                 2000
align:                   10
follows:   not defined
vstart:                2000
valign:                  10
vfollows:  .bss

-- Symbols --------------------------------------------------------------------

---- No Section ---------------------------------------------------------------

Value     Name
00000001  errInvFnc
00000002  errFnf
00000003  errPnf
00000004  errNhl
00000005  errAccDen
00000006  errBadHdl
00000007  errMCBbad
00000008  errNoMem
00000009  errMemAddr
0000000A  errBadEnv
0000000B  errBadFmt
0000000C  errAccCde
0000000D  errInvDat
0000000F  errBadDrv
00000010  errDelCD
00000011  errDevUnk
00000012  errNoFil
00000013  drvErrShft
00000013  errWpd
00000014  errUnkUnt
00000015  errDrvNR
00000016  errUnkCmd
00000017  errCRCerr
00000018  errBadRLn
00000019  errSekErr
0000001A  errUnkMed
0000001B  errSecNF
0000001C  errNoPap
0000001D  errWF
0000001E  errRF
0000001F  errGF
00000020  errShrVio
00000021  errLokVio
00000022  errIDC
00000023  errNoFCB
00000024  errShrFul
00000032  errNoNet
00000050  errFilExist
00000052  errDirExist
00000053  errFI44
00000054  errRedir
00000055  errDupRedir
00000056  errBadPass
00000057  errBadParam
00000058  errNetWrite
00000001  eLocUnk
00000002  eLocDsk
00000003  eLocNet
00000004  eLocChr
00000005  eLocMem
00000001  eActRet
00000002  eActDRet
00000003  eActUsr
00000004  eActAbt
00000005  eActKil
00000006  eActIgn
00000007  eActRetUsr
00000001  eClsOoR
00000002  eClsTS
00000003  eClsAuth
00000004  eClsInt
00000005  eClsHrdFlt
00000006  eClsSysFlt
00000007  eClsAppFlt
00000008  eClsNotFnd
00000009  eClsBadFmt
0000000A  eClsLocked
0000000B  eClsMedia
0000000C  eClsClash
0000000D  eClsUnk
00000000  errOk
00000001  errBadRen
00000002  errDskFull
00000003  errBadRead
00000004  errBadBak
00000005  errCharDev
000000FD  lineLen
00000080  halflineLen
0000FFF9  maxLine
00FCF915  maxAlloc
000FCF92  maxParas
0000002A  prompt
00000000  line
00000000  line.bBufLen
00000001  line.bStrLen
00000002  line.pString
000000FF  line_size
00000000  halfLine
00000000  halfLine.bBufLen
00000001  halfLine.bStrLen
00000002  halfLine.pString
00000082  halfLine_size
00000000  filename
00000000  filename.fName
00000008  filename.fExt
0000000B  filename_size
00000000  NUL
00000003  ETX
00000006  ACK
00000007  BEL
00000008  BSP
00000009  TAB
0000000A  LF
0000000D  CR
00000010  DLE
00000013  DC3
00000014  DC4
00000015  NAK
00000016  CMD
00000017  ETB
0000001A  EOF
0000001B  ESC
00000020  SPC
0000007F  DEL
00000A0D  CRLF
00000020  asciiCaret
0000001F  asciiMask
0000003B  eF1
0000003C  eF2
0000003D  eF3
0000003E  eF4
0000003F  eF5
00000040  eF6
00000041  eF7
0000004B  eCursL
0000004D  eCursR
00000052  eIns
00000053  eDel
00000001  dirReadOnly
00000002  dirHidden
00000004  dirSystem
00000008  dirVolumeID
00000010  dirDirectory
00000020  dirArchive
00000040  dirCharDev
0000000F  dirLongName
00000016  dirInclusive
00000006  dirIncFiles
00000000  cmdArgs
00000000  cmdArgs.fcb1
00000010  cmdArgs.fcb2
00000024  cmdArgs.dta
00000024  cmdArgs.parmList
00000025  cmdArgs.progTail
000000A4  cmdArgs_size
00000000  ffBlock
00000000  ffBlock.driveNum
00000001  ffBlock.template
0000000C  ffBlock.attrib
0000000D  ffBlock.dirOffset
00000011  ffBlock.parDirClus
00000015  ffBlock.attribFnd
00000016  ffBlock.fileTime
00000018  ffBlock.fileDate
0000001A  ffBlock.fileSize
0000001E  ffBlock.asciizName
0000002B  ffBlock_size
00000000  ReadAccess
00000001  WriteAccess
00000002  RWAccess
00000000  CompatShare
00000010  denyRWShare
00000020  denyWriteShare
00000030  denyReadShare
00000040  denyNoneShare
00000070  netFCBShare
00000080  noInherit
0000000F  cmdLetterTableL
0000062E  bssLen


---- Section .text ------------------------------------------------------------

Real              Virtual           Name
               0                 0  progHeadPtr
               0                 0  start
               2                 2  start.vNum
               3                 3  start.cVersion
              1F                1F  okVersion
              83                83  getCmdTail
              A3                A3  cmdTailParse
              DE                DE  cmdTailParse.switchFnd
              FE                FE  cmdTailParse.parseBadExit
             103               103  cmdTailParse.skipSeps
             10E               10E  ..@17._ret
             10F               10F  cmdTailParse.findSep
             123               123  cmdTailParse.fsExit
             126               126  ..@18._ret
             127               127  cmdTailParse.isAlSep
             129               129  ..@20._base
             12D               12D  ..@22._base
             131               131  ..@24._base
             135               135  ..@26._base
             139               139  ..@27._ret
             13A               13A  cmdTailParse.nameBadExit
             146               146  cmdTailParse.parseComplete
             153               153  nameCopy
             175               175  nameCopy.notCurDrv
             1BA               1BA  nameCopy.cpLp
             222               222  nameCopy.fileNameSearch
             237               237  nameCopy.fileNameOk
             24B               24B  nameCopy.extSearch
             25B               25B  nameCopy.insertExt
             265               265  nameCopy.extFound
             286               286  wildcardCheck
             28D               28D  wildcardCheck.mainlp
             29E               29E  fileOpen
             2D4               2D4  fileOpen.readOnly
             2DB               2DB  fileOpen.notReadOnly
             2F7               2F7  fileOpen.backupOpened
             300               300  fileOpen.fileNotFound
             31F               31F  createWorkingFile
             35A               35A  createWorkingFile.notNewFile
             35A               35A  allocateMemory
             37C               37C  allocateMemory.notEnoughMem
             388               388  allocateMemory.loadProgram
             3D3               3D3  allocateMemory.newFile
             41E               41E  getCommand
             45E               45E  parseCommand
             481               481  parseCommand.parse
             4BE               4BE  parseCommand.notQmark
             4C4               4C4  parseCommand.noUC
             50A               50A  execCmd
             523               523  nextCmd
             53F               53F  nextCmd.eocChar
             542               542  nextCmd.skipEocChar
             551               551  badDrvExit
             55A               55A  badParmExit
             561               561  badExitMsg
             56D               56D  badExit
             574               574  okPrompt
             57B               57B  ..@29._base
             57D               57D  ..@30._ret
             57E               57E  ..@29.a
             57E               57E  okPrompt.lp
             5A3               5A3  ..@32._base
             5AB               5AB  ..@33._ret
             5AC               5AC  findFirst
             5C1               5C1  ..@35._base
             5CE               5CE  findFirst.replaceOld
             5E4               5E4  findFirst.makeSrchBuf
             5E7               5E7  findFirst.repBuf
             60A               60A  findFirst.eos
             611               611  findFirst.notRep
             633               633  findFirst.curLin
             63C               63C  findFirst.chkLineOk
             641               641  findFirst.havLine
             689               689  findFirst.exit
             689               689  ..@36._ret
             68A               68A  findFirst.findNext
             690               690  findNext
             6A3               6A3  findNext.lp
             6AB               6AB  ..@38._base
             6F0               6F0  findNext.getLp
             70B               70B  ..@39._ret
             70C               70C  getFindPatrn
             70E               70E  getFindPatrn.lp
             71B               71B  getFindPatrn.noConvert
             71F               71F  getFindPatrn.checkCR
             728               728  getFindPatrn.end
             734               734  ..@40._ret
             735               735  getFindPatrn.noNew
             741               741  ..@41._ret
             742               742  getFindPatrn.useOld
             749               749  ..@42._ret
             74A               74A  replaceLine
             78D               78D  replaceLine.noRevMove
             795               795  replaceLine.doCopy
             797               797  ..@43._ret
             798               798  stufBuf
             7A6               7A6  stufBuf.lp
             7B2               7B2  stufBuf.eol
             7BC               7BC  ..@45._base
             7C0               7C0  stufBuf.longLine
             7CB               7CB  ..@46._ret
             7CC               7CC  doCmdChar
             7D7               7D7  doCmdChar.lp
             804               804  doCmdChar.exit
             807               807  ..@47._ret
             808               808  doControl
             80E               80E  ..@49._base
             812               812  ..@50._ret
             813               813  checkArgOrder
             81C               81C  ..@52._base
             825               825  ..@54._base
             82D               82D  makeSpace
             84C               84C  setLineVars
             861               861  ..@55._ret
             862               862  findLine
             872               872  ..@57._base
             888               888  ..@59._base
             88A               88A  findLine.prepSearch
             894               894  findLineCore
             899               899  findLineCore.lp
             8A4               8A4  findLineCore.exit
             8A4               8A4  ..@60._ret
             8A5               8A5  strcpy
             8A7               8A7  strcpy.cpChar
             8AF               8AF  ..@61._ret
             8B0               8B0  checkEOF
             8CC               8CC  checkEOF.ascNoEof
             8D4               8D4  checkEOF.niceExit
             8D4               8D4  ..@63._base
             8EC               8EC  checkEOF.putCRLF
             8F8               8F8  checkEOF.exit
             8FA               8FA  ..@64._ret
             8FB               8FB  checkEOF.binScan
             904               904  ..@65._ret
             905               905  checkEOF.binLess
             910               910  checkEOF.binEofExit
             914               914  delBkup
             91B               91B  ..@67._base
             924               924  ..@69._base
             989               989  delBkup.exit
             98C               98C  ..@70._ret
             98D               98D  parseEntry
             9A6               9A6  parseEntry.getArg
             9CC               9CC  parseEntry.endOfArg
             9CE               9CE  ..@72._base
             9D8               9D8  ..@73._ret
             9D9               9D9  parseEntry.plus
             9EC               9EC  ..@74._ret
             9ED               9ED  parseEntry.minus
             A0A               A0A  ..@75._ret
             A0B               A0B  parseEntry.dot
             A18               A18  ..@76._ret
             A19               A19  parseEntry.pound
             A21               A21  ..@77._ret
             A22               A22  parseEntry.validSpecial
             A2F               A2F  ..@78._ret
             A30               A30  skipSpaces
             A39               A39  ..@79._ret
             A3A               A3A  i23hXfr
             A48               A48  i23hInsert
             A5F               A5F  i23h
             A71               A71  editLine
             A99               A99  editLine.notNext
             AAC               AAC  ..@81._base
             AB5               AB5  ..@83._base
             AE8               AE8  ..@85._base
             AEA               AEA  ..@86._ret
             AEB               AEB  ..@85.a
             B0A               B0A  insertLine
             B37               B37  insertLine.notNext
             B4A               B4A  insertLine.inLp
             B98               B98  insertLine.inBad
             BA2               BA2  insertLine.cleanInsert
             BD7               BD7  ..@87._ret
             BD8               BD8  deleteLines
             BFE               BFE  deleteLines.notCur
             C17               C17  deleteLines.goDel
             C28               C28  ..@89._base
             C66               C66  ..@90._ret
             C67               C67  transferLines
             C86               C86  transferLines.nameCp
             C9A               C9A  transferLines.cpOk
             CCB               CCB  transferLines.fileOpen
             CF2               CF2  transferLines.notCur
             D3E               D3E  transferLines.fullXfr
             D53               D53  transferLines.endXfr
             D86               D86  ..@91._ret
             D87               D87  moveLines
             DA0               DA0  copyLines
             DB4               DB4  copyLines.common
             DE8               DE8  copyLines.gotStart
             E13               E13  copyLines.gotEnd
             E5F               E5F  copyLines.argsOk
             E8C               E8C  copyLines.havCnt
             E98               E98  copyLines.noCount
             F14               F14  copyLines.ptrsOk
             F22               F22  copyLines.cpLp
             F8D               F8D  copyLines.copyDone
             FA7               FA7  ..@92._ret
             FA8               FA8  searchText
             FCE               FCE  searchText.lp
            1027              1027  findSetLine
            1039              1039  findSetLine.main
            104C              104C  ..@93._ret
            104D              104D  replaceText
            1073              1073  replaceText.lp
            1149              1149  replaceText.overspill
            1150              1150  replaceText.gotoNext
            1155              1155  ..@95._base
            1157              1157  ..@96._ret
            1158              1158  ..@95.a
            115D              115D  replaceText.tooLong
            1169              1169  replaceText.cpyString
            116B              116B  ..@98._base
            116D              116D  replaceText.cpsLp
            1175              1175  ..@99._ret
            1176              1176  listLines
            11A2              11A2  listLines.notCur
            11A7              11A7  ..@101._base
            11C7              11C7  pageLines
            11FA              11FA  pageLines.notCur
            11FD              11FD  ..@103._base
            11FF              11FF  ..@104._ret
            1200              1200  ..@103.a
            1213              1213  pageLines.arg2Given
            121D              121D  pageLines.okRange
            1247              1247  appendLines
            1278              1278  ..@106._base
            127A              127A  appendLines.argGiven
            12CA              12CA  appendLines.notEofInc
            12CC              12CC  appendLines.notEof
            12E9              12E9  appendLines.noSetEof
            1315              1315  appendLines.fndLine
            133A              133A  appendLines.findPrevLine
            1350              1350  appendLines.lineOk
            138D              138D  appendLines.noIgnore
            1398              1398  ..@107._ret
            1399              1399  appendLines.outEofStr
            13A5              13A5  ..@108._ret
            13A6              13A6  appendLines.checkEnd
            13B6              13B6  ..@110._base
            13BD              13BD  writeLines
            13E5              13E5  ..@112._base
            13EE              13EE  ..@114._base
            13FE              13FE  writeLines.goFindLine
            1405              1405  writeLines.prepWrite
            1466              1466  ..@115._ret
            1467              1467  endEdit
            1495              1495  endEdit.writeLp
            14BF              14BF  endEdit.writeDone
            1520              1520  endEdit.skipBkup
            154B              154B  endEdit.renameFail
            1552              1552  quit
            1581              1581  quit.roQuit
            15A3              15A3  printString
            15AA              15AA  ..@119._ret
            15AB              15AB  printSpace
            15AF              15AF  printCRLF
            15B6              15B6  printLF
            15B8              15B8  printChar
            15C6              15C6  ..@120._ret
            15C7              15C7  printLineNum
            15E7              15E7  printNum
            161D              161D  ..@121._ret
            161E              161E  printNum.doCompute
            1624              1624  printNum.printDig
            1632              1632  printNum.pDigOk
            1636              1636  printLine
            163B              163B  printLines
            1645              1645  ..@123._base
            1649              1649  printLines.freshLine
            1659              1659  printLines.goLine
            1682              1682  printLines.store
            1683              1683  printLines.goDone
            168B              168B  printLines.lfFnd
            169C              169C  printLines.putLF
            169F              169F  printLines.okLine
            16B2              16B2  printLines.exit
            16B2              16B2  ..@124._ret
            16B3              16B3  prnAsciiz
            16BB              16BB  prnAsciiz.pcLp
            16C7              16C7  prnAsciiz.pcExit
            16C8              16C8  ..@125._ret
            16C9              16C9  printLineNotFoundErr
            16D2              16D2  printMemErr
            16DB              16DB  printComErr
            16E2              16E2  printErr
            16EC              16EC  badReadFail
            16FF              16FF  fullDiskFail
            1712              1712  charDevFail

---- Section .data ------------------------------------------------------------

Real              Virtual           Name
            1725              1725  cmdLetterTable
            1734              1734  cmdFcnTable
            1752              1752  cmdRoTable
            1761              1761  newStr
            176C              176C  eofStr
            1780              1780  badVerStr
            1796              1796  badDrvStr
            17B2              17B2  badFindStr
            17C3              17C3  badNameStr
            17E1              17E1  badCreatStr
            1800              1800  badOpenStr
            181D              181D  badFileStr
            183F              183F  badBackDel
            1869              1869  badParm
            187D              187D  badInput
            188B              188B  badRealloc
            18A0              18A0  badMemFull
            18B8              18B8  badMergeStr
            18E3              18E3  badFileExt
            1908              1908  badROcmd
            1926              1926  badDskFull
            1946              1946  badRead
            196C              196C  exitQuit
            197F              197F  okString
            1986              1986  badDestStr
            19AD              19AD  badSearch
            19B9              19B9  badLineLen

---- Section .bss -------------------------------------------------------------

Real              Virtual           Name
            19C9              19C9  bssStart
            19C9              19C9  pathSep
            19CA              19CA  switchChar
            19CB              19CB  roFlag
            19CC              19CC  newFileFlag
            19CD              19CD  noEofChar
            19CE              19CE  eofReached
            19CF              19CF  arenaSize
            19D3              19D3  freeCnt
            19D7              19D7  memPtr
            19DF              19DF  fillPtr
            19E7              19E7  curLineNum
            19E9              19E9  curLinePtr
            19F1              19F1  eofPtr
            19F9              19F9  endOfArena
            1A01              1A01  bkupDel
            1A02              1A02  readHdl
            1A04              1A04  writeHdl
            1A06              1A06  pathspec
            1A86              1A86  wkfile
            1A86              1A86  bkupfile
            1B06              1B06  tmpNamePtr
            1B06              1B06  fileNamePtr
            1B0E              1B0E  tmpNamePtr2
            1B0E              1B0E  fileExtPtr
            1B16              1B16  cmdLine
            1B98              1B98  charPtr
            1BA0              1BA0  argCnt
            1BA1              1BA1  argTbl
            1BA1              1BA1  arg1
            1BA3              1BA3  arg2
            1BA5              1BA5  arg3
            1BA7              1BA7  arg4
            1BA9              1BA9  qmarkSet
            1BAA              1BAA  argString
            1C2C              1C2C  noAppendErr
            1C2D              1C2D  workLine
            1D2F              1D2F  workLen
            1D33              1D33  spareLine
            1E35              1E35  xfrName
            1EB5              1EB5  xfrHdl
            1EB7              1EB7  movCpFlg
            1EB8              1EB8  blkPtrSrc
            1EC0              1EC0  blkPtrEnd
            1EC8              1EC8  cpyPtrDest
            1ED0              1ED0  blkSize
            1ED4              1ED4  copySize
            1ED8              1ED8  srchMode
            1ED9              1ED9  findMod
            1EDA              1EDA  keepOld
            1EDB              1EDB  fndLenOld
            1EDD              1EDD  fndLenNew
            1EDF              1EDF  fndStrPtr
            1EE7              1EE7  fndLinePtr
            1EEF              1EEF  fndLineNum
            1EF1              1EF1  fndSrchLen
            1EF5              1EF5  fndString1
            1F76              1F76  fndString2

---- Section .stack -----------------------------------------------------------

Real              Virtual           Name
            2640              2640  stackTop
            2640              2640  endOfProgram

