
- NASM Map file ---------------------------------------------------------------

Source file:  edlin.asm
Output file:  ./Binaries/EDLIN.COM

-- Program origin -------------------------------------------------------------

00000000

-- Sections (summary) ---------------------------------------------------------

Vstart            Start             Stop              Length    Class     Name
               0                 0               36A  0000036A  progbits  .text
             36A               36A               4E7  0000017D  progbits  .data
             4E7               4E7               832  0000034B  nobits    .bss
             840               840               E80  00000640  nobits    .stack

-- Sections (detailed) --------------------------------------------------------

---- Section .text ------------------------------------------------------------

class:     progbits
length:                 36A
start:                    0
align:                    1
follows:   not defined
vstart:                   0
valign:    not defined
vfollows:  not defined

---- Section .data ------------------------------------------------------------

class:     progbits
length:                 17D
start:                  36A
align:                    1
follows:   .text
vstart:                 36A
valign:    not defined
vfollows:  not defined

---- Section .bss -------------------------------------------------------------

class:     nobits
length:                 34B
start:                  4E7
align:                    1
follows:   not defined
vstart:                 4E7
valign:                   1
vfollows:  .data

---- Section .stack -----------------------------------------------------------

class:     nobits
length:                 640
start:                  840
align:                   10
follows:   not defined
vstart:                 840
valign:                  10
vfollows:  .bss

-- Symbols --------------------------------------------------------------------

---- No Section ---------------------------------------------------------------

Value     Name
00000001  errInvFnc
00000002  errFnf
00000003  errPnf
00000004  errNhl
00000005  errAccDen
00000006  errBadHdl
00000007  errMCBbad
00000008  errNoMem
00000009  errMemAddr
0000000A  errBadEnv
0000000B  errBadFmt
0000000C  errAccCde
0000000D  errInvDat
0000000F  errBadDrv
00000010  errDelCD
00000011  errDevUnk
00000012  errNoFil
00000013  drvErrShft
00000013  errWpd
00000014  errUnkUnt
00000015  errDrvNR
00000016  errUnkCmd
00000017  errCRCerr
00000018  errBadRLn
00000019  errSekErr
0000001A  errUnkMed
0000001B  errSecNF
0000001C  errNoPap
0000001D  errWF
0000001E  errRF
0000001F  errGF
00000020  errShrVio
00000021  errLokVio
00000022  errIDC
00000023  errNoFCB
00000024  errShrFul
00000032  errNoNet
00000050  errFilExist
00000052  errDirExist
00000053  errFI44
00000054  errRedir
00000055  errDupRedir
00000056  errBadPass
00000057  errBadParam
00000058  errNetWrite
00000001  eLocUnk
00000002  eLocDsk
00000003  eLocNet
00000004  eLocChr
00000005  eLocMem
00000001  eActRet
00000002  eActDRet
00000003  eActUsr
00000004  eActAbt
00000005  eActKil
00000006  eActIgn
00000007  eActRetUsr
00000001  eClsOoR
00000002  eClsTS
00000003  eClsAuth
00000004  eClsInt
00000005  eClsHrdFlt
00000006  eClsSysFlt
00000007  eClsAppFlt
00000008  eClsNotFnd
00000009  eClsBadFmt
0000000A  eClsLocked
0000000B  eClsMedia
0000000C  eClsClash
0000000D  eClsUnk
000000FD  lineLen
00000080  halflineLen
0000FFF9  maxLine
00FCF915  maxAlloc
000FCF92  maxParas
00000001  fileRO
00000010  fileDir
00000000  line
00000000  line.bBufLen
00000001  line.bStrLen
00000002  line.pString
000000FF  line_size
00000000  halfLine
00000000  halfLine.bBufLen
00000001  halfLine.bStrLen
00000002  halfLine.pString
00000082  halfLine_size
00000000  filename
00000000  filename.fName
00000008  filename.fExt
0000000B  filename_size
00000000  NUL
00000003  ETX
00000006  ACK
00000007  BEL
00000008  BSP
00000009  TAB
0000000A  LF
0000000D  CR
00000010  DLE
00000013  DC3
00000014  DC4
00000015  NAK
00000017  ETB
0000001A  EOF
0000001B  ESC
00000020  SPC
0000007F  DEL
00000020  asciiCaret
0000003B  eF1
0000003C  eF2
0000003D  eF3
0000003E  eF4
0000003F  eF5
00000040  eF6
00000041  eF7
0000004B  eCursL
0000004D  eCursR
00000052  eIns
00000053  eDel
00000001  dirReadOnly
00000002  dirHidden
00000004  dirSystem
00000008  dirVolumeID
00000010  dirDirectory
00000020  dirArchive
00000040  dirCharDev
0000000F  dirLongName
00000016  dirInclusive
00000006  dirIncFiles
00000000  cmdArgs
00000000  cmdArgs.fcb1
00000010  cmdArgs.fcb2
00000024  cmdArgs.dta
00000024  cmdArgs.parmList
00000025  cmdArgs.progTail
000000A4  cmdArgs_size
00000000  ffBlock
00000000  ffBlock.driveNum
00000001  ffBlock.template
0000000C  ffBlock.attrib
0000000D  ffBlock.dirOffset
00000011  ffBlock.parDirClus
00000015  ffBlock.attribFnd
00000016  ffBlock.fileTime
00000018  ffBlock.fileDate
0000001A  ffBlock.fileSize
0000001E  ffBlock.asciizName
0000002B  ffBlock_size
00000080  pspecLen
0000034B  bssLen


---- Section .text ------------------------------------------------------------

Real              Virtual           Name
               0                 0  start
               2                 2  start.vNum
               3                 3  start.cVersion
              1F                1F  okVersion
              59                59  getCmdTail
              68                68  cmdTailParse
              6A                6A  cmdTailParse.searchLoop
              86                86  cmdTailParse.parseBadExit
              8B                8B  cmdTailParse.nameBadExit
              97                97  cmdTailParse.goodSwitch
              AD                AD  cmdTailParse.notSwitch
              D5                D5  cmdTailParse.parseComplete
              F0                F0  nameCopy
             120               120  nameCopy.genericError
             12D               12D  nameCopy.nameGood
             1A7               1A7  wildcardCheck
             1AE               1AE  wildcardCheck.mainlp
             1BB               1BB  wildcardCheck.error
             1C7               1C7  fileOpen
             1FD               1FD  fileOpen.notReadOnly
             23D               23D  fileOpen.backupMade
             23D               23D  fileOpen.fileNotFound
             251               251  exitOk
             258               258  badParmExit
             25F               25F  badExitMsg
             26B               26B  badExitMsg.noPrint
             272               272  strlen
             27F               27F  ..@18._ret
             280               280  strcpy
             288               288  strcpy.lp
             294               294  strcpy.exit
             297               297  ..@19._ret
             298               298  strcpyASCIIZ
             29A               29A  strcpyASCIIZ.cpChar
             2A2               2A2  ..@20._ret
             2A3               2A3  memmove
             2AB               2AB  ..@21._ret
             2AC               2AC  memset
             2B2               2B2  ..@22._ret
             2B3               2B3  findLineEnd
             2B8               2B8  findLineEnd.lp
             2BD               2BD  ..@24._base
             2C1               2C1  ..@26._base
             2C8               2C8  isCharEOL
             2CD               2CD  ..@28._base
             2D2               2D2  ..@30._base
             2D7               2D7  ..@32._base
             2DD               2DD  ..@33._ret
             2DE               2DE  isCharEOF
             2E8               2E8  ..@35._base
             2ED               2ED  ..@36._ret
             2EE               2EE  asciiToFCB
             2FD               2FD  asciiToFCB.processName
             30D               30D  asciiToFCB.extSpace
             316               316  asciiToFCB.ext
             31A               31A  asciiToFCB.processExt
             326               326  asciiToFCB.exitBadChar
             328               328  asciiToFCB.exit
             329               329  ..@37._ret
             32A               32A  FCBToAsciiz
             331               331  FCBToAsciiz.scanNameSpace
             344               344  FCBToAsciiz.ext
             351               351  FCBToAsciiz.validExt
             35B               35B  FCBToAsciiz.scanExtSpace
             366               366  FCBToAsciiz.exit
             369               369  ..@38._ret

---- Section .data ------------------------------------------------------------

Real              Virtual           Name
             36A               36A  newFileAllocTable
             384               384  newStr
             38C               38C  crlf
             38F               38F  eofStr
             3A3               3A3  badVerStr
             3B9               3B9  badDrvStr
             3D5               3D5  badNameStr
             3F3               3F3  badCreatStr
             412               412  badOpenStr
             42F               42F  badFileStr
             451               451  badParm
             465               465  badInput
             473               473  badRealloc
             488               488  badMemSize
             4A9               4A9  badFileExt
             4CE               4CE  badBkupStr
             4E6               4E6  prompt

---- Section .bss -------------------------------------------------------------

Real              Virtual           Name
             4E7               4E7  bssStart
             4E7               4E7  pathsepChar
             4E8               4E8  switchChar
             4E9               4E9  roFlag
             4EA               4EA  newFileFlag
             4EB               4EB  noEofCheck
             4EC               4EC  eofReached
             4ED               4ED  memPtr
             4F5               4F5  arenaSize
             4F9               4F9  numLines
             4FB               4FB  tmpNamePtr
             4FB               4FB  fileNamePtr
             503               503  tmpNamePtr2
             503               503  fileExtPtr
             50B               50B  readHdl
             50B               50B  fileHdl
             50D               50D  writeHdl
             50D               50D  tmpHdl
             50F               50F  fcbBuffer
             50F               50F  tmpName
             523               523  pathspec
             5A3               5A3  bkupfile
             623               623  cmdLine
             6A5               6A5  args
             6A6               6A6  cmdChar
             6A7               6A7  arg1
             6A9               6A9  arg2
             6AB               6AB  arg3
             6AD               6AD  arg4
             6AF               6AF  argString
             731               731  argPastEnd
             732               732  editLine

---- Section .stack -----------------------------------------------------------

Real              Virtual           Name
             E80               E80  stackTop
             E80               E80  endOfProgram

