
- NASM Map file ---------------------------------------------------------------

Source file:  edlin.asm
Output file:  ./Binaries/EDLIN.COM

-- Program origin -------------------------------------------------------------

00000000

-- Sections (summary) ---------------------------------------------------------

Vstart            Start             Stop              Length    Class     Name
               0                 0               A2E  00000A2E  progbits  .text
             A2E               A2E               C32  00000204  progbits  .data
             C32               C32               F9D  0000036B  nobits    .bss
             FA0               FA0              15E0  00000640  nobits    .stack

-- Sections (detailed) --------------------------------------------------------

---- Section .text ------------------------------------------------------------

class:     progbits
length:                 A2E
start:                    0
align:                    1
follows:   not defined
vstart:                   0
valign:    not defined
vfollows:  not defined

---- Section .data ------------------------------------------------------------

class:     progbits
length:                 204
start:                  A2E
align:                    1
follows:   .text
vstart:                 A2E
valign:    not defined
vfollows:  not defined

---- Section .bss -------------------------------------------------------------

class:     nobits
length:                 36B
start:                  C32
align:                    1
follows:   not defined
vstart:                 C32
valign:                   1
vfollows:  .data

---- Section .stack -----------------------------------------------------------

class:     nobits
length:                 640
start:                  FA0
align:                   10
follows:   not defined
vstart:                 FA0
valign:                  10
vfollows:  .bss

-- Symbols --------------------------------------------------------------------

---- No Section ---------------------------------------------------------------

Value     Name
00000001  errInvFnc
00000002  errFnf
00000003  errPnf
00000004  errNhl
00000005  errAccDen
00000006  errBadHdl
00000007  errMCBbad
00000008  errNoMem
00000009  errMemAddr
0000000A  errBadEnv
0000000B  errBadFmt
0000000C  errAccCde
0000000D  errInvDat
0000000F  errBadDrv
00000010  errDelCD
00000011  errDevUnk
00000012  errNoFil
00000013  drvErrShft
00000013  errWpd
00000014  errUnkUnt
00000015  errDrvNR
00000016  errUnkCmd
00000017  errCRCerr
00000018  errBadRLn
00000019  errSekErr
0000001A  errUnkMed
0000001B  errSecNF
0000001C  errNoPap
0000001D  errWF
0000001E  errRF
0000001F  errGF
00000020  errShrVio
00000021  errLokVio
00000022  errIDC
00000023  errNoFCB
00000024  errShrFul
00000032  errNoNet
00000050  errFilExist
00000052  errDirExist
00000053  errFI44
00000054  errRedir
00000055  errDupRedir
00000056  errBadPass
00000057  errBadParam
00000058  errNetWrite
00000001  eLocUnk
00000002  eLocDsk
00000003  eLocNet
00000004  eLocChr
00000005  eLocMem
00000001  eActRet
00000002  eActDRet
00000003  eActUsr
00000004  eActAbt
00000005  eActKil
00000006  eActIgn
00000007  eActRetUsr
00000001  eClsOoR
00000002  eClsTS
00000003  eClsAuth
00000004  eClsInt
00000005  eClsHrdFlt
00000006  eClsSysFlt
00000007  eClsAppFlt
00000008  eClsNotFnd
00000009  eClsBadFmt
0000000A  eClsLocked
0000000B  eClsMedia
0000000C  eClsClash
0000000D  eClsUnk
00000000  errOk
00000001  errBadRen
00000002  errDskFull
00000003  errBadRead
000000FD  lineLen
00000080  halflineLen
0000FFF9  maxLine
00FCF915  maxAlloc
000FCF92  maxParas
0000002A  prompt
00000000  line
00000000  line.bBufLen
00000001  line.bStrLen
00000002  line.pString
000000FF  line_size
00000000  halfLine
00000000  halfLine.bBufLen
00000001  halfLine.bStrLen
00000002  halfLine.pString
00000082  halfLine_size
00000000  filename
00000000  filename.fName
00000008  filename.fExt
0000000B  filename_size
00000000  NUL
00000003  ETX
00000006  ACK
00000007  BEL
00000008  BSP
00000009  TAB
0000000A  LF
0000000D  CR
00000010  DLE
00000013  DC3
00000014  DC4
00000015  NAK
00000017  ETB
0000001A  EOF
0000001B  ESC
00000020  SPC
0000007F  DEL
00000A0D  CRLF
00000020  asciiCaret
0000003B  eF1
0000003C  eF2
0000003D  eF3
0000003E  eF4
0000003F  eF5
00000040  eF6
00000041  eF7
0000004B  eCursL
0000004D  eCursR
00000052  eIns
00000053  eDel
00000001  dirReadOnly
00000002  dirHidden
00000004  dirSystem
00000008  dirVolumeID
00000010  dirDirectory
00000020  dirArchive
00000040  dirCharDev
0000000F  dirLongName
00000016  dirInclusive
00000006  dirIncFiles
00000000  cmdArgs
00000000  cmdArgs.fcb1
00000010  cmdArgs.fcb2
00000024  cmdArgs.dta
00000024  cmdArgs.parmList
00000025  cmdArgs.progTail
000000A4  cmdArgs_size
00000000  ffBlock
00000000  ffBlock.driveNum
00000001  ffBlock.template
0000000C  ffBlock.attrib
0000000D  ffBlock.dirOffset
00000011  ffBlock.parDirClus
00000015  ffBlock.attribFnd
00000016  ffBlock.fileTime
00000018  ffBlock.fileDate
0000001A  ffBlock.fileSize
0000001E  ffBlock.asciizName
0000002B  ffBlock_size
00000000  ReadAccess
00000001  WriteAccess
00000002  RWAccess
00000000  CompatShare
00000010  denyRWShare
00000020  denyWriteShare
00000030  denyReadShare
00000040  denyNoneShare
00000070  netFCBShare
00000080  noInherit
0000000F  cmdLetterTableL
0000036B  bssLen


---- Section .text ------------------------------------------------------------

Real              Virtual           Name
               0                 0  progHeadPtr
               0                 0  start
               2                 2  start.vNum
               3                 3  start.cVersion
              1F                1F  okVersion
              85                85  getCmdTail
              94                94  cmdTailParse
              96                96  cmdTailParse.searchLoop
              B2                B2  cmdTailParse.parseBadExit
              B7                B7  cmdTailParse.nameBadExit
              C3                C3  cmdTailParse.goodSwitch
              D9                D9  cmdTailParse.notSwitch
             101               101  cmdTailParse.parseComplete
             11C               11C  nameCopy
             14C               14C  nameCopy.genericError
             159               159  nameCopy.nameGood
             1AB               1AB  nameCopy.extSearch
             1B8               1B8  nameCopy.insertExt
             1C2               1C2  nameCopy.extFound
             1E3               1E3  wildcardCheck
             1EA               1EA  wildcardCheck.mainlp
             1F7               1F7  wildcardCheck.error
             203               203  fileOpen
             231               231  fileOpen.readOnly
             238               238  fileOpen.notReadOnly
             254               254  fileOpen.backupOpened
             25D               25D  fileOpen.fileNotFound
             275               275  createWorkingFile
             2B0               2B0  createWorkingFile.notNewFile
             2B0               2B0  allocateMemory
             2D2               2D2  allocateMemory.notEnoughMem
             2DE               2DE  allocateMemory.loadProgram
             362               362  getCommand
             3A2               3A2  parseCommand
             3C5               3C5  parseCommand.parse
             3ED               3ED  parseCommand.notSep
             40E               40E  parseCommand.notQmark
             414               414  parseCommand.noUC
             45A               45A  execCmd
             48F               48F  execCmd.eocChar
             492               492  execCmd.skipEocChar
             4A1               4A1  badParmExit
             4A8               4A8  badExitMsg
             4B4               4B4  badExit
             4BB               4BB  printString
             4C2               4C2  ..@17._ret
             4C3               4C3  printMemErr
             4CC               4CC  printComErr
             4D3               4D3  printErr
             4DD               4DD  badReadFail
             4F0               4F0  fullDiskFail
             503               503  checkArgOrder
             509               509  ..@21._base
             50D               50D  ..@23._base
             514               514  findLine
             514               514  findLineCore
             519               519  findLineCore.lp
             524               524  findLineCore.exit
             524               524  ..@24._ret
             525               525  strlen
             532               532  ..@25._ret
             533               533  strcpy
             53B               53B  strcpy.lp
             545               545  strcpy.exit
             548               548  ..@26._ret
             549               549  strcpyASCIIZ
             54B               54B  strcpyASCIIZ.cpChar
             553               553  ..@27._ret
             554               554  memmove
             55C               55C  ..@28._ret
             55D               55D  checkEOF
             579               579  checkEOF.ascNoEof
             581               581  checkEOF.niceExit
             581               581  ..@30._base
             599               599  checkEOF.putCRLF
             5A5               5A5  checkEOF.exit
             5A7               5A7  ..@31._ret
             5A8               5A8  checkEOF.binScan
             5B1               5B1  ..@32._ret
             5B2               5B2  checkEOF.binLess
             5BD               5BD  checkEOF.binEofExit
             5C1               5C1  markFileModified
             5C8               5C8  ..@33._ret
             5C9               5C9  getModifiedStatus
             5D0               5D0  ..@34._ret
             5D1               5D1  delBkup
             5D8               5D8  ..@36._base
             5DF               5DF  ..@38._base
             5E8               5E8  ..@40._base
             60B               60B  ..@42._base
             614               614  ..@43._ret
             615               615  getDecimalDwordLZ
             61B               61B  getDecimalDwordLZ.lp
             62B               62B  getDecimalDwordLZ.swapBack
             62E               62E  getDecimalDwordLZ.exit
             632               632  ..@44._ret
             633               633  getDecimalDword
             63C               63C  getDecimalDword.dwpfb0
             652               652  getDecimalDword.dwpfb1
             659               659  ..@45._ret
             65A               65A  parseEntry
             673               673  parseEntry.getArg
             699               699  parseEntry.endOfArg
             69B               69B  ..@47._base
             6A5               6A5  ..@48._ret
             6A6               6A6  parseEntry.plus
             6B9               6B9  ..@49._ret
             6BA               6BA  parseEntry.minus
             6D7               6D7  ..@50._ret
             6D8               6D8  parseEntry.dot
             6E5               6E5  ..@51._ret
             6E6               6E6  parseEntry.pound
             6EE               6EE  ..@52._ret
             6EF               6EF  parseEntry.validSpecial
             6FC               6FC  ..@53._ret
             6FD               6FD  skipSpaces
             706               706  ..@54._ret
             707               707  getPtrToStr
             710               710  getPtrToStr.exit
             712               712  ..@55._ret
             713               713  printCRLF
             71A               71A  printLF
             71C               71C  printChar
             72A               72A  ..@56._ret
             72B               72B  i23h
             73D               73D  _unimplementedFunction
             74B               74B  ..@57._ret
             74C               74C  _unimplementedFunction.str
             779               779  appendLines
             780               780  ..@59._base
             799               799  ..@61._base
             79B               79B  appendLines.argGiven
             7BC               7BC  ..@63._base
             7D5               7D5  ..@65._base
             7D7               7D7  ..@66._ret
             7D8               7D8  ..@65.a
             7F1               7F1  appendLines.notEofInc
             7F3               7F3  appendLines.notEof
             810               810  appendLines.noSetEof
             83C               83C  appendLines.fndLine
             861               861  appendLines.findPrevLine
             877               877  appendLines.lineOk
             8B4               8B4  appendLines.noIgnore
             8BF               8BF  ..@67._ret
             8C0               8C0  appendLines.outEofStr
             8CC               8CC  appendLines.checkEnd
             8DC               8DC  ..@69._base
             8E3               8E3  copyLines
             8E8               8E8  deleteLines
             8ED               8ED  editLine
             907               907  endEdit
             973               973  endEdit.stg4
             988               988  endEdit.skipBkup
             9B1               9B1  insertLine
             9B6               9B6  listLines
             9BB               9BB  pageLines
             9C0               9C0  moveLines
             9C5               9C5  quit
             9F8               9F8  quit.roQuit
             A1A               A1A  replaceText
             A1F               A1F  searchText
             A24               A24  transferLines
             A29               A29  writeLines

---- Section .data ------------------------------------------------------------

Real              Virtual           Name
             A2E               A2E  cmdLetterTable
             A3D               A3D  cmdFcnTable
             A5B               A5B  cmdRoTable
             A6A               A6A  newStr
             A75               A75  eofStr
             A89               A89  badVerStr
             A9F               A9F  badDrvStr
             ABB               ABB  badNameStr
             AD9               AD9  badCreatStr
             AF8               AF8  badOpenStr
             B15               B15  badFileStr
             B37               B37  badParm
             B4B               B4B  badInput
             B59               B59  badRealloc
             B6E               B6E  badMemSize
             B8F               B8F  badFileExt
             BB4               BB4  badROcmd
             BD2               BD2  badDskFull
             BF2               BF2  badRead
             C18               C18  exitQuit
             C2B               C2B  okString

---- Section .bss -------------------------------------------------------------

Real              Virtual           Name
             C32               C32  bssStart
             C32               C32  pathSep
             C33               C33  switchChar
             C34               C34  roFlag
             C35               C35  newFileFlag
             C36               C36  noEofChar
             C37               C37  eofReached
             C38               C38  arenaSize
             C3C               C3C  memPtr
             C44               C44  fillPtr
             C4C               C4C  freePtr
             C54               C54  curLineNum
             C56               C56  curLinePtr
             C5E               C5E  eofPtr
             C66               C66  endOfArena
             C6E               C6E  modFlag
             C6F               C6F  bkupDel
             C70               C70  readHdl
             C72               C72  writeHdl
             C74               C74  pathspec
             CF4               CF4  wkfile
             CF4               CF4  bkupfile
             D74               D74  tmpNamePtr
             D74               D74  fileNamePtr
             D7C               D7C  tmpNamePtr2
             D7C               D7C  fileExtPtr
             D84               D84  cmdLine
             E06               E06  charPtr
             E0E               E0E  argCnt
             E0F               E0F  argTbl
             E0F               E0F  arg1
             E11               E11  arg2
             E13               E13  arg3
             E15               E15  arg4
             E17               E17  qmarkSet
             E18               E18  argString
             E9A               E9A  noAppendErr
             E9B               E9B  workLine
             F9B               F9B  workLen
             F9C               F9C  workEnd

---- Section .stack -----------------------------------------------------------

Real              Virtual           Name
            15E0              15E0  stackTop
            15E0              15E0  endOfProgram

