
- NASM Map file ---------------------------------------------------------------

Source file:  edlin.asm
Output file:  ./Binaries/EDLIN.COM

-- Program origin -------------------------------------------------------------

00000000

-- Sections (summary) ---------------------------------------------------------

Vstart            Start             Stop              Length    Class     Name
               0                 0              1375  00001375  progbits  .text
            1375              1375              15FD  00000288  progbits  .data
            15FD              15FD              1B0E  00000511  nobits    .bss
            1B10              1B10              2150  00000640  nobits    .stack

-- Sections (detailed) --------------------------------------------------------

---- Section .text ------------------------------------------------------------

class:     progbits
length:                1375
start:                    0
align:                    1
follows:   not defined
vstart:                   0
valign:    not defined
vfollows:  not defined

---- Section .data ------------------------------------------------------------

class:     progbits
length:                 288
start:                 1375
align:                    1
follows:   .text
vstart:                1375
valign:    not defined
vfollows:  not defined

---- Section .bss -------------------------------------------------------------

class:     nobits
length:                 511
start:                 15FD
align:                    1
follows:   not defined
vstart:                15FD
valign:                   1
vfollows:  .data

---- Section .stack -----------------------------------------------------------

class:     nobits
length:                 640
start:                 1B10
align:                   10
follows:   not defined
vstart:                1B10
valign:                  10
vfollows:  .bss

-- Symbols --------------------------------------------------------------------

---- No Section ---------------------------------------------------------------

Value     Name
00000001  errInvFnc
00000002  errFnf
00000003  errPnf
00000004  errNhl
00000005  errAccDen
00000006  errBadHdl
00000007  errMCBbad
00000008  errNoMem
00000009  errMemAddr
0000000A  errBadEnv
0000000B  errBadFmt
0000000C  errAccCde
0000000D  errInvDat
0000000F  errBadDrv
00000010  errDelCD
00000011  errDevUnk
00000012  errNoFil
00000013  drvErrShft
00000013  errWpd
00000014  errUnkUnt
00000015  errDrvNR
00000016  errUnkCmd
00000017  errCRCerr
00000018  errBadRLn
00000019  errSekErr
0000001A  errUnkMed
0000001B  errSecNF
0000001C  errNoPap
0000001D  errWF
0000001E  errRF
0000001F  errGF
00000020  errShrVio
00000021  errLokVio
00000022  errIDC
00000023  errNoFCB
00000024  errShrFul
00000032  errNoNet
00000050  errFilExist
00000052  errDirExist
00000053  errFI44
00000054  errRedir
00000055  errDupRedir
00000056  errBadPass
00000057  errBadParam
00000058  errNetWrite
00000001  eLocUnk
00000002  eLocDsk
00000003  eLocNet
00000004  eLocChr
00000005  eLocMem
00000001  eActRet
00000002  eActDRet
00000003  eActUsr
00000004  eActAbt
00000005  eActKil
00000006  eActIgn
00000007  eActRetUsr
00000001  eClsOoR
00000002  eClsTS
00000003  eClsAuth
00000004  eClsInt
00000005  eClsHrdFlt
00000006  eClsSysFlt
00000007  eClsAppFlt
00000008  eClsNotFnd
00000009  eClsBadFmt
0000000A  eClsLocked
0000000B  eClsMedia
0000000C  eClsClash
0000000D  eClsUnk
00000000  errOk
00000001  errBadRen
00000002  errDskFull
00000003  errBadRead
00000004  errBadBak
000000FD  lineLen
00000080  halflineLen
0000FFF9  maxLine
00FCF915  maxAlloc
000FCF92  maxParas
0000002A  prompt
00000000  line
00000000  line.bBufLen
00000001  line.bStrLen
00000002  line.pString
000000FF  line_size
00000000  halfLine
00000000  halfLine.bBufLen
00000001  halfLine.bStrLen
00000002  halfLine.pString
00000082  halfLine_size
00000000  filename
00000000  filename.fName
00000008  filename.fExt
0000000B  filename_size
00000000  NUL
00000003  ETX
00000006  ACK
00000007  BEL
00000008  BSP
00000009  TAB
0000000A  LF
0000000D  CR
00000010  DLE
00000013  DC3
00000014  DC4
00000015  NAK
00000016  CMD
00000017  ETB
0000001A  EOF
0000001B  ESC
00000020  SPC
0000007F  DEL
00000A0D  CRLF
00000020  asciiCaret
0000001F  asciiMask
0000003B  eF1
0000003C  eF2
0000003D  eF3
0000003E  eF4
0000003F  eF5
00000040  eF6
00000041  eF7
0000004B  eCursL
0000004D  eCursR
00000052  eIns
00000053  eDel
00000001  dirReadOnly
00000002  dirHidden
00000004  dirSystem
00000008  dirVolumeID
00000010  dirDirectory
00000020  dirArchive
00000040  dirCharDev
0000000F  dirLongName
00000016  dirInclusive
00000006  dirIncFiles
00000000  cmdArgs
00000000  cmdArgs.fcb1
00000010  cmdArgs.fcb2
00000024  cmdArgs.dta
00000024  cmdArgs.parmList
00000025  cmdArgs.progTail
000000A4  cmdArgs_size
00000000  ffBlock
00000000  ffBlock.driveNum
00000001  ffBlock.template
0000000C  ffBlock.attrib
0000000D  ffBlock.dirOffset
00000011  ffBlock.parDirClus
00000015  ffBlock.attribFnd
00000016  ffBlock.fileTime
00000018  ffBlock.fileDate
0000001A  ffBlock.fileSize
0000001E  ffBlock.asciizName
0000002B  ffBlock_size
00000000  ReadAccess
00000001  WriteAccess
00000002  RWAccess
00000000  CompatShare
00000010  denyRWShare
00000020  denyWriteShare
00000030  denyReadShare
00000040  denyNoneShare
00000070  netFCBShare
00000080  noInherit
0000000F  cmdLetterTableL
00000511  bssLen


---- Section .text ------------------------------------------------------------

Real              Virtual           Name
               0                 0  progHeadPtr
               0                 0  start
               2                 2  start.vNum
               3                 3  start.cVersion
              1F                1F  okVersion
              83                83  getCmdTail
              91                91  cmdTailParse
              CC                CC  cmdTailParse.switchFnd
              EC                EC  cmdTailParse.parseBadExit
              F1                F1  cmdTailParse.skipSeps
              FC                FC  ..@17._ret
              FD                FD  cmdTailParse.findSep
             111               111  cmdTailParse.fsExit
             114               114  ..@18._ret
             115               115  cmdTailParse.isAlSep
             117               117  ..@20._base
             11B               11B  ..@22._base
             11F               11F  ..@24._base
             123               123  ..@26._base
             127               127  ..@27._ret
             128               128  cmdTailParse.nameBadExit
             134               134  cmdTailParse.parseComplete
             141               141  nameCopy
             163               163  nameCopy.notCurDrv
             1A8               1A8  nameCopy.cpLp
             210               210  nameCopy.fileNameSearch
             225               225  nameCopy.fileNameOk
             239               239  nameCopy.extSearch
             249               249  nameCopy.insertExt
             253               253  nameCopy.extFound
             274               274  wildcardCheck
             27B               27B  wildcardCheck.mainlp
             28C               28C  fileOpen
             2BA               2BA  fileOpen.readOnly
             2C1               2C1  fileOpen.notReadOnly
             2DD               2DD  fileOpen.backupOpened
             2E6               2E6  fileOpen.fileNotFound
             305               305  createWorkingFile
             340               340  createWorkingFile.notNewFile
             340               340  allocateMemory
             362               362  allocateMemory.notEnoughMem
             36E               36E  allocateMemory.loadProgram
             3B9               3B9  allocateMemory.newFile
             404               404  getCommand
             444               444  parseCommand
             467               467  parseCommand.parse
             4A4               4A4  parseCommand.notQmark
             4AA               4AA  parseCommand.noUC
             4F0               4F0  execCmd
             509               509  nextCmd
             525               525  nextCmd.eocChar
             528               528  nextCmd.skipEocChar
             537               537  badDrvExit
             540               540  badParmExit
             547               547  badExitMsg
             553               553  badExit
             55A               55A  replaceLine
             59D               59D  replaceLine.noRevMove
             5A5               5A5  replaceLine.doCopy
             5A7               5A7  ..@28._ret
             5A8               5A8  stufBuf
             5B6               5B6  stufBuf.lp
             5C2               5C2  stufBuf.eol
             5CC               5CC  ..@30._base
             5D0               5D0  stufBuf.longLine
             5DB               5DB  ..@31._ret
             5DC               5DC  doCmdChar
             5E7               5E7  doCmdChar.lp
             614               614  doCmdChar.exit
             617               617  ..@32._ret
             618               618  doControl
             61E               61E  ..@34._base
             622               622  ..@35._ret
             623               623  checkArgOrder
             62C               62C  ..@37._base
             635               635  ..@39._base
             63D               63D  makeSpace
             65C               65C  setLineVars
             671               671  ..@40._ret
             672               672  findLine
             682               682  ..@42._base
             698               698  ..@44._base
             69A               69A  findLine.prepSearch
             6A4               6A4  findLineCore
             6A9               6A9  findLineCore.lp
             6B4               6B4  findLineCore.exit
             6B4               6B4  ..@45._ret
             6B5               6B5  strcpy
             6B7               6B7  strcpy.cpChar
             6BF               6BF  ..@46._ret
             6C0               6C0  checkEOF
             6DC               6DC  checkEOF.ascNoEof
             6E4               6E4  checkEOF.niceExit
             6E4               6E4  ..@48._base
             6FC               6FC  checkEOF.putCRLF
             708               708  checkEOF.exit
             70A               70A  ..@49._ret
             70B               70B  checkEOF.binScan
             714               714  ..@50._ret
             715               715  checkEOF.binLess
             720               720  checkEOF.binEofExit
             724               724  delBkup
             72B               72B  ..@52._base
             734               734  ..@54._base
             73D               73D  ..@56._base
             767               767  ..@58._base
             77C               77C  parseEntry
             795               795  parseEntry.getArg
             7BB               7BB  parseEntry.endOfArg
             7BD               7BD  ..@61._base
             7BF               7BF  ..@62._ret
             7C0               7C0  ..@61.a
             7C8               7C8  ..@63._ret
             7C9               7C9  parseEntry.plus
             7DC               7DC  ..@64._ret
             7DD               7DD  parseEntry.minus
             7FA               7FA  ..@65._ret
             7FB               7FB  parseEntry.dot
             808               808  ..@66._ret
             809               809  parseEntry.pound
             811               811  ..@67._ret
             812               812  parseEntry.validSpecial
             81F               81F  ..@68._ret
             820               820  skipSpaces
             829               829  ..@69._ret
             82A               82A  i23hXfr
             838               838  i23hInsert
             84F               84F  i23h
             861               861  _unimplementedFunction
             86F               86F  ..@70._ret
             870               870  _unimplementedFunction.str
             89D               89D  editLine
             8C5               8C5  editLine.notNext
             8D8               8D8  ..@72._base
             8E1               8E1  ..@74._base
             914               914  ..@76._base
             916               916  ..@77._ret
             917               917  ..@76.a
             936               936  insertLine
             963               963  insertLine.notNext
             976               976  insertLine.inLp
             9C4               9C4  insertLine.inBad
             9CE               9CE  insertLine.cleanInsert
             A03               A03  ..@78._ret
             A04               A04  deleteLines
             A2A               A2A  deleteLines.notCur
             A43               A43  deleteLines.goDel
             A54               A54  ..@80._base
             A92               A92  ..@81._ret
             A93               A93  transferLines
             AB2               AB2  transferLines.nameCp
             AC6               AC6  transferLines.cpOk
             AF7               AF7  transferLines.fileOpen
             B1E               B1E  transferLines.notCur
             B6A               B6A  transferLines.fullXfr
             B7F               B7F  transferLines.endXfr
             BB2               BB2  ..@82._ret
             BB3               BB3  moveLines
             BCC               BCC  copyLines
             BE0               BE0  copyLines.common
             C14               C14  copyLines.gotStart
             C3F               C3F  copyLines.gotEnd
             C8B               C8B  copyLines.argsOk
             CB8               CB8  copyLines.havCnt
             CC4               CC4  copyLines.noCount
             D40               D40  copyLines.ptrsOk
             D4E               D4E  copyLines.cpLp
             DB9               DB9  copyLines.copyDone
             DD3               DD3  ..@83._ret
             DD4               DD4  searchText
             DED               DED  replaceText
             DF2               DF2  listLines
             E1E               E1E  listLines.notCur
             E23               E23  ..@85._base
             E43               E43  pageLines
             E76               E76  pageLines.notCur
             E79               E79  ..@87._base
             E7B               E7B  ..@88._ret
             E7C               E7C  ..@87.a
             E8F               E8F  pageLines.arg2Given
             E99               E99  pageLines.okRange
             EC3               EC3  appendLines
             EF4               EF4  ..@90._base
             EF6               EF6  appendLines.argGiven
             F3F               F3F  appendLines.notEofInc
             F41               F41  appendLines.notEof
             F5E               F5E  appendLines.noSetEof
             F8A               F8A  appendLines.fndLine
             FAF               FAF  appendLines.findPrevLine
             FC5               FC5  appendLines.lineOk
            1002              1002  appendLines.noIgnore
            100D              100D  ..@91._ret
            100E              100E  appendLines.outEofStr
            101A              101A  ..@92._ret
            101B              101B  appendLines.checkEnd
            102B              102B  ..@94._base
            1032              1032  writeLines
            105A              105A  ..@96._base
            1063              1063  ..@98._base
            1073              1073  writeLines.goFindLine
            107A              107A  writeLines.prepWrite
            10DB              10DB  ..@99._ret
            10DC              10DC  endEdit
            110A              110A  endEdit.writeLp
            1134              1134  endEdit.writeDone
            1195              1195  endEdit.skipBkup
            11BE              11BE  quit
            11ED              11ED  quit.roQuit
            120F              120F  printString
            1216              1216  ..@102._ret
            1217              1217  printSpace
            121B              121B  printCRLF
            1222              1222  printLF
            1224              1224  printChar
            1232              1232  ..@103._ret
            1233              1233  printLineNum
            1253              1253  printNum
            1289              1289  ..@104._ret
            128A              128A  printNum.doCompute
            1290              1290  printNum.printDig
            129E              129E  printNum.pDigOk
            12A2              12A2  printLine
            12A7              12A7  printLines
            12B1              12B1  ..@106._base
            12B5              12B5  printLines.freshLine
            12C5              12C5  printLines.goLine
            12EE              12EE  printLines.store
            12EF              12EF  printLines.goDone
            12F7              12F7  printLines.lfFnd
            1308              1308  printLines.putLF
            130B              130B  printLines.okLine
            131E              131E  ..@107._ret
            131F              131F  printLines.prnChars
            1327              1327  printLines.pcLp
            1333              1333  printLines.pcExit
            1334              1334  printLines.exit
            1334              1334  ..@108._ret
            1335              1335  printMemErr
            133E              133E  printComErr
            1345              1345  printErr
            134F              134F  badReadFail
            1362              1362  fullDiskFail

---- Section .data ------------------------------------------------------------

Real              Virtual           Name
            1375              1375  cmdLetterTable
            1384              1384  cmdFcnTable
            13A2              13A2  cmdRoTable
            13B1              13B1  newStr
            13BC              13BC  eofStr
            13D0              13D0  badVerStr
            13E6              13E6  badDrvStr
            1402              1402  badFindStr
            1413              1413  badNameStr
            1431              1431  badCreatStr
            1450              1450  badOpenStr
            146D              146D  badFileStr
            148F              148F  badBackDel
            14B9              14B9  badParm
            14CD              14CD  badInput
            14DB              14DB  badRealloc
            14F0              14F0  badMemFull
            1508              1508  badMergeStr
            1533              1533  badFileExt
            1558              1558  badROcmd
            1576              1576  badDskFull
            1596              1596  badRead
            15BC              15BC  exitQuit
            15CF              15CF  okString
            15D6              15D6  badDestStr

---- Section .bss -------------------------------------------------------------

Real              Virtual           Name
            15FD              15FD  bssStart
            15FD              15FD  pathSep
            15FE              15FE  switchChar
            15FF              15FF  roFlag
            1600              1600  newFileFlag
            1601              1601  noEofChar
            1602              1602  eofReached
            1603              1603  arenaSize
            1607              1607  freeCnt
            160B              160B  memPtr
            1613              1613  fillPtr
            161B              161B  curLineNum
            161D              161D  curLinePtr
            1625              1625  eofPtr
            162D              162D  endOfArena
            1635              1635  modFlag
            1636              1636  bkupDel
            1637              1637  readHdl
            1639              1639  writeHdl
            163B              163B  pathspec
            16BB              16BB  wkfile
            16BB              16BB  bkupfile
            173B              173B  tmpNamePtr
            173B              173B  fileNamePtr
            1743              1743  tmpNamePtr2
            1743              1743  fileExtPtr
            174B              174B  cmdLine
            17CD              17CD  charPtr
            17D5              17D5  argCnt
            17D6              17D6  argTbl
            17D6              17D6  arg1
            17D8              17D8  arg2
            17DA              17DA  arg3
            17DC              17DC  arg4
            17DE              17DE  qmarkSet
            17DF              17DF  argString
            1861              1861  noAppendErr
            1862              1862  workLine
            1964              1964  workLen
            1968              1968  spareLine
            1A6A              1A6A  xfrName
            1AEA              1AEA  xfrHdl
            1AEC              1AEC  movCpFlg
            1AED              1AED  blkPtrSrc
            1AF5              1AF5  blkPtrEnd
            1AFD              1AFD  cpyPtrDest
            1B05              1B05  blkSize
            1B09              1B09  copySize
            1B0D              1B0D  searchMode

---- Section .stack -----------------------------------------------------------

Real              Virtual           Name
            2150              2150  stackTop
            2150              2150  endOfProgram

